base referer
rect $struct_f_i_x_1_1_config_error.html 218,7 317,31
rect $struct_f_i_x_1_1_do_not_send.html 218,55 317,79
rect $struct_f_i_x_1_1_duplicate_field_number.html 186,103 349,127
rect $struct_f_i_x_1_1_field_convert_error.html 201,151 334,175
rect $struct_f_i_x_1_1_field_not_found.html 209,199 326,223
rect $struct_f_i_x_1_1_incorrect_data_format.html 192,247 344,271
rect $struct_f_i_x_1_1_incorrect_message_structure.html 173,295 362,319
rect $struct_f_i_x_1_1_incorrect_tag_value.html 200,343 336,367
rect $struct_f_i_x_1_1_invalid_message.html 206,391 329,415
rect $struct_f_i_x_1_1_invalid_message_type.html 193,439 342,463
rect $struct_f_i_x_1_1_invalid_tag_number.html 201,487 334,511
rect $struct_f_i_x_1_1_i_o_exception.html 216,535 320,559
rect $struct_f_i_x_1_1_message_parse_error.html 193,583 342,606
rect $struct_f_i_x_1_1_no_tag_value.html 217,630 318,654
rect $struct_f_i_x_1_1_reject_logon.html 214,678 321,702
rect $struct_f_i_x_1_1_repeated_tag.html 213,726 322,750
rect $struct_f_i_x_1_1_repeating_group_count_mismatch.html 158,774 377,798
rect $struct_f_i_x_1_1_required_tag_missing.html 193,822 342,846
rect $struct_f_i_x_1_1_runtime_error.html 213,870 322,894
rect $struct_f_i_x_1_1_session_not_found.html 200,918 336,942
rect $struct_f_i_x_1_1_socket_exception.html 201,966 334,990
rect $struct_f_i_x_1_1_tag_not_defined_for_message.html 173,1014 362,1038
rect $struct_f_i_x_1_1_tag_out_of_order.html 208,1062 328,1086
rect $struct_f_i_x_1_1_unsupported_message_type.html 174,1110 361,1134
rect $struct_f_i_x_1_1_unsupported_version.html 193,1158 342,1182
